2023-10-27 10:11:19,650 - INFO: Previous URL: https://app.asana.com/-/login, Current URL: https://app.asana.com/0/home/1205798506066982
2023-10-27 10:11:19,672 - INFO: Passed: Login test
2023-10-27 10:11:49,139 - WARNING: Retrying (Retry(total=2, connect=None, read=None, redirect=None, status=None)) after connection broken by 'NewConnectionError('<urllib3.connection.HTTPConnection object at 0x000002419428B400>: Failed to establish a new connection: [WinError 10061] No connection could be made because the target machine actively refused it')': /session/682ea286d5fe4667f79c341506d4426b
2023-10-27 10:11:53,193 - WARNING: Retrying (Retry(total=1, connect=None, read=None, redirect=None, status=None)) after connection broken by 'NewConnectionError('<urllib3.connection.HTTPConnection object at 0x000002419428B760>: Failed to establish a new connection: [WinError 10061] No connection could be made because the target machine actively refused it')': /session/682ea286d5fe4667f79c341506d4426b
2023-10-27 10:11:57,247 - WARNING: Retrying (Retry(total=0, connect=None, read=None, redirect=None, status=None)) after connection broken by 'NewConnectionError('<urllib3.connection.HTTPConnection object at 0x000002419428B5B0>: Failed to establish a new connection: [WinError 10061] No connection could be made because the target machine actively refused it')': /session/682ea286d5fe4667f79c341506d4426b
2023-10-27 10:12:05,397 - INFO: Driver quit successfully
